// Jest Snapshot v1, https://goo.gl/fbAQLP

exports[`ListTasks has a valid snapshot 1`] = `<ul />`;
